config|deqalloc|btree_lck|200000|100|192|False|
config|deqalloc|btree_lck|200000|100|192|True|
config|deqalloc_genericdeque|btree_lck|200000|100|192|False|
config|deqalloc_genericdeque|btree_lck|200000|100|192|True|
config|mimalloc|btree_lck|200000|100|192|False|
config|mimalloc|btree_lck|200000|100|192|True|
config|jemalloc|btree_lck|200000|100|192|False|
config|jemalloc|btree_lck|200000|100|192|True|
config|snmalloc|btree_lck|200000|100|192|False|
config|snmalloc|btree_lck|200000|100|192|True|
config|hoard|btree_lck|200000|100|192|False|
config|hoard|btree_lck|200000|100|192|True|
config|tcmalloc|btree_lck|200000|100|192|False|
config|tcmalloc|btree_lck|200000|100|192|True|
config|tbbmalloc|btree_lck|200000|100|192|False|
config|tbbmalloc|btree_lck|200000|100|192|True|
config|lockfree|btree_lck|200000|100|192|False|
config|lockfree|btree_lck|200000|100|192|True|
config|rpmalloc|btree_lck|200000|100|192|False|
config|rpmalloc|btree_lck|200000|100|192|True|
config|deqalloc|hash_block_lck|200000|100|192|False|
config|deqalloc|hash_block_lck|200000|100|192|True|
config|deqalloc_genericdeque|hash_block_lck|200000|100|192|False|
config|deqalloc_genericdeque|hash_block_lck|200000|100|192|True|
config|mimalloc|hash_block_lck|200000|100|192|False|
config|mimalloc|hash_block_lck|200000|100|192|True|
config|jemalloc|hash_block_lck|200000|100|192|False|
config|jemalloc|hash_block_lck|200000|100|192|True|
config|snmalloc|hash_block_lck|200000|100|192|False|
config|snmalloc|hash_block_lck|200000|100|192|True|
config|hoard|hash_block_lck|200000|100|192|False|
config|hoard|hash_block_lck|200000|100|192|True|
config|tcmalloc|hash_block_lck|200000|100|192|False|
config|tcmalloc|hash_block_lck|200000|100|192|True|
config|tbbmalloc|hash_block_lck|200000|100|192|False|
config|tbbmalloc|hash_block_lck|200000|100|192|True|
config|lockfree|hash_block_lck|200000|100|192|False|
config|lockfree|hash_block_lck|200000|100|192|True|
config|rpmalloc|hash_block_lck|200000|100|192|False|
config|rpmalloc|hash_block_lck|200000|100|192|True|
config|deqalloc|leaftree_lck|200000|100|192|False|
config|deqalloc|leaftree_lck|200000|100|192|True|
config|deqalloc_genericdeque|leaftree_lck|200000|100|192|False|
config|deqalloc_genericdeque|leaftree_lck|200000|100|192|True|
config|mimalloc|leaftree_lck|200000|100|192|False|
config|mimalloc|leaftree_lck|200000|100|192|True|
config|jemalloc|leaftree_lck|200000|100|192|False|
config|jemalloc|leaftree_lck|200000|100|192|True|
config|snmalloc|leaftree_lck|200000|100|192|False|
config|snmalloc|leaftree_lck|200000|100|192|True|
config|hoard|leaftree_lck|200000|100|192|False|
config|hoard|leaftree_lck|200000|100|192|True|
config|tcmalloc|leaftree_lck|200000|100|192|False|
config|tcmalloc|leaftree_lck|200000|100|192|True|
config|tbbmalloc|leaftree_lck|200000|100|192|False|
config|tbbmalloc|leaftree_lck|200000|100|192|True|
config|lockfree|leaftree_lck|200000|100|192|False|
config|lockfree|leaftree_lck|200000|100|192|True|
config|rpmalloc|leaftree_lck|200000|100|192|False|
config|rpmalloc|leaftree_lck|200000|100|192|True|
config|deqalloc|skiplist_lck|200000|100|192|False|
config|deqalloc|skiplist_lck|200000|100|192|True|
config|deqalloc_genericdeque|skiplist_lck|200000|100|192|False|
config|deqalloc_genericdeque|skiplist_lck|200000|100|192|True|
config|mimalloc|skiplist_lck|200000|100|192|False|
config|mimalloc|skiplist_lck|200000|100|192|True|
config|jemalloc|skiplist_lck|200000|100|192|False|
config|jemalloc|skiplist_lck|200000|100|192|True|
config|snmalloc|skiplist_lck|200000|100|192|False|
config|snmalloc|skiplist_lck|200000|100|192|True|
config|hoard|skiplist_lck|200000|100|192|False|
config|hoard|skiplist_lck|200000|100|192|True|
config|tcmalloc|skiplist_lck|200000|100|192|False|
config|tcmalloc|skiplist_lck|200000|100|192|True|
config|tbbmalloc|skiplist_lck|200000|100|192|False|
config|tbbmalloc|skiplist_lck|200000|100|192|True|
config|lockfree|skiplist_lck|200000|100|192|False|
config|lockfree|skiplist_lck|200000|100|192|True|
config|rpmalloc|skiplist_lck|200000|100|192|False|
config|rpmalloc|skiplist_lck|200000|100|192|True|
config|deqalloc|arttree_lck|200000|100|192|False|
config|deqalloc|arttree_lck|200000|100|192|True|
config|deqalloc_genericdeque|arttree_lck|200000|100|192|False|
config|deqalloc_genericdeque|arttree_lck|200000|100|192|True|
config|mimalloc|arttree_lck|200000|100|192|False|
config|mimalloc|arttree_lck|200000|100|192|True|
config|jemalloc|arttree_lck|200000|100|192|False|
config|jemalloc|arttree_lck|200000|100|192|True|
config|snmalloc|arttree_lck|200000|100|192|False|
config|snmalloc|arttree_lck|200000|100|192|True|
config|hoard|arttree_lck|200000|100|192|False|
config|hoard|arttree_lck|200000|100|192|True|
config|tcmalloc|arttree_lck|200000|100|192|False|
config|tcmalloc|arttree_lck|200000|100|192|True|
config|tbbmalloc|arttree_lck|200000|100|192|False|
config|tbbmalloc|arttree_lck|200000|100|192|True|
config|lockfree|arttree_lck|200000|100|192|False|
config|lockfree|arttree_lck|200000|100|192|True|
config|rpmalloc|arttree_lck|200000|100|192|False|
config|rpmalloc|arttree_lck|200000|100|192|True|
config|deqalloc|list_lck|2000|100|192|False|
config|deqalloc|list_lck|2000|100|192|True|
config|deqalloc_genericdeque|list_lck|2000|100|192|False|
config|deqalloc_genericdeque|list_lck|2000|100|192|True|
config|mimalloc|list_lck|2000|100|192|False|
config|mimalloc|list_lck|2000|100|192|True|
config|jemalloc|list_lck|2000|100|192|False|
config|jemalloc|list_lck|2000|100|192|True|
config|snmalloc|list_lck|2000|100|192|False|
config|snmalloc|list_lck|2000|100|192|True|
config|hoard|list_lck|2000|100|192|False|
config|hoard|list_lck|2000|100|192|True|
config|tcmalloc|list_lck|2000|100|192|False|
config|tcmalloc|list_lck|2000|100|192|True|
config|tbbmalloc|list_lck|2000|100|192|False|
config|tbbmalloc|list_lck|2000|100|192|True|
config|lockfree|list_lck|2000|100|192|False|
config|lockfree|list_lck|2000|100|192|True|
config|rpmalloc|list_lck|2000|100|192|False|
config|rpmalloc|list_lck|2000|100|192|True|
