config|deqalloc|guerraoui_ext_bst_ticket|200000|100|192|False|debra
config|deqalloc|guerraoui_ext_bst_ticket|200000|100|192|True|debra
config|deqalloc|guerraoui_ext_bst_ticket|200000|100|192|False|debra_df
config|deqalloc|guerraoui_ext_bst_ticket|200000|100|192|True|debra_df
config|deqalloc_genericdeque|guerraoui_ext_bst_ticket|200000|100|192|False|debra
config|deqalloc_genericdeque|guerraoui_ext_bst_ticket|200000|100|192|True|debra
config|deqalloc_genericdeque|guerraoui_ext_bst_ticket|200000|100|192|False|debra_df
config|deqalloc_genericdeque|guerraoui_ext_bst_ticket|200000|100|192|True|debra_df
config|mimalloc|guerraoui_ext_bst_ticket|200000|100|192|False|debra
config|mimalloc|guerraoui_ext_bst_ticket|200000|100|192|True|debra
config|mimalloc|guerraoui_ext_bst_ticket|200000|100|192|False|debra_df
config|mimalloc|guerraoui_ext_bst_ticket|200000|100|192|True|debra_df
config|jemalloc|guerraoui_ext_bst_ticket|200000|100|192|False|debra
config|jemalloc|guerraoui_ext_bst_ticket|200000|100|192|True|debra
config|jemalloc|guerraoui_ext_bst_ticket|200000|100|192|False|debra_df
config|jemalloc|guerraoui_ext_bst_ticket|200000|100|192|True|debra_df
config|snmalloc|guerraoui_ext_bst_ticket|200000|100|192|False|debra
config|snmalloc|guerraoui_ext_bst_ticket|200000|100|192|True|debra
config|snmalloc|guerraoui_ext_bst_ticket|200000|100|192|False|debra_df
config|snmalloc|guerraoui_ext_bst_ticket|200000|100|192|True|debra_df
config|hoard|guerraoui_ext_bst_ticket|200000|100|192|False|debra
config|hoard|guerraoui_ext_bst_ticket|200000|100|192|True|debra
config|hoard|guerraoui_ext_bst_ticket|200000|100|192|False|debra_df
config|hoard|guerraoui_ext_bst_ticket|200000|100|192|True|debra_df
config|tcmalloc|guerraoui_ext_bst_ticket|200000|100|192|False|debra
config|tcmalloc|guerraoui_ext_bst_ticket|200000|100|192|True|debra
config|tcmalloc|guerraoui_ext_bst_ticket|200000|100|192|False|debra_df
config|tcmalloc|guerraoui_ext_bst_ticket|200000|100|192|True|debra_df
config|tbbmalloc|guerraoui_ext_bst_ticket|200000|100|192|False|debra
config|tbbmalloc|guerraoui_ext_bst_ticket|200000|100|192|True|debra
config|tbbmalloc|guerraoui_ext_bst_ticket|200000|100|192|False|debra_df
config|tbbmalloc|guerraoui_ext_bst_ticket|200000|100|192|True|debra_df
config|lockfree|guerraoui_ext_bst_ticket|200000|100|192|False|debra
config|lockfree|guerraoui_ext_bst_ticket|200000|100|192|True|debra
config|lockfree|guerraoui_ext_bst_ticket|200000|100|192|False|debra_df
config|lockfree|guerraoui_ext_bst_ticket|200000|100|192|True|debra_df
config|rpmalloc|guerraoui_ext_bst_ticket|200000|100|192|False|debra
config|rpmalloc|guerraoui_ext_bst_ticket|200000|100|192|True|debra
config|rpmalloc|guerraoui_ext_bst_ticket|200000|100|192|False|debra_df
config|rpmalloc|guerraoui_ext_bst_ticket|200000|100|192|True|debra_df
config|deqalloc|brown_ext_abtree_lf|200000|100|192|False|debra
config|deqalloc|brown_ext_abtree_lf|200000|100|192|True|debra
config|deqalloc|brown_ext_abtree_lf|200000|100|192|False|debra_df
config|deqalloc|brown_ext_abtree_lf|200000|100|192|True|debra_df
config|deqalloc_genericdeque|brown_ext_abtree_lf|200000|100|192|False|debra
config|deqalloc_genericdeque|brown_ext_abtree_lf|200000|100|192|True|debra
config|deqalloc_genericdeque|brown_ext_abtree_lf|200000|100|192|False|debra_df
config|deqalloc_genericdeque|brown_ext_abtree_lf|200000|100|192|True|debra_df
config|mimalloc|brown_ext_abtree_lf|200000|100|192|False|debra
config|mimalloc|brown_ext_abtree_lf|200000|100|192|True|debra
config|mimalloc|brown_ext_abtree_lf|200000|100|192|False|debra_df
config|mimalloc|brown_ext_abtree_lf|200000|100|192|True|debra_df
config|jemalloc|brown_ext_abtree_lf|200000|100|192|False|debra
config|jemalloc|brown_ext_abtree_lf|200000|100|192|True|debra
config|jemalloc|brown_ext_abtree_lf|200000|100|192|False|debra_df
config|jemalloc|brown_ext_abtree_lf|200000|100|192|True|debra_df
config|snmalloc|brown_ext_abtree_lf|200000|100|192|False|debra
config|snmalloc|brown_ext_abtree_lf|200000|100|192|True|debra
config|snmalloc|brown_ext_abtree_lf|200000|100|192|False|debra_df
config|snmalloc|brown_ext_abtree_lf|200000|100|192|True|debra_df
config|hoard|brown_ext_abtree_lf|200000|100|192|False|debra
config|hoard|brown_ext_abtree_lf|200000|100|192|True|debra
config|hoard|brown_ext_abtree_lf|200000|100|192|False|debra_df
config|hoard|brown_ext_abtree_lf|200000|100|192|True|debra_df
config|tcmalloc|brown_ext_abtree_lf|200000|100|192|False|debra
config|tcmalloc|brown_ext_abtree_lf|200000|100|192|True|debra
config|tcmalloc|brown_ext_abtree_lf|200000|100|192|False|debra_df
config|tcmalloc|brown_ext_abtree_lf|200000|100|192|True|debra_df
config|tbbmalloc|brown_ext_abtree_lf|200000|100|192|False|debra
config|tbbmalloc|brown_ext_abtree_lf|200000|100|192|True|debra
config|tbbmalloc|brown_ext_abtree_lf|200000|100|192|False|debra_df
config|tbbmalloc|brown_ext_abtree_lf|200000|100|192|True|debra_df
config|lockfree|brown_ext_abtree_lf|200000|100|192|False|debra
config|lockfree|brown_ext_abtree_lf|200000|100|192|True|debra
config|lockfree|brown_ext_abtree_lf|200000|100|192|False|debra_df
config|lockfree|brown_ext_abtree_lf|200000|100|192|True|debra_df
config|rpmalloc|brown_ext_abtree_lf|200000|100|192|False|debra
config|rpmalloc|brown_ext_abtree_lf|200000|100|192|True|debra
config|rpmalloc|brown_ext_abtree_lf|200000|100|192|False|debra_df
config|rpmalloc|brown_ext_abtree_lf|200000|100|192|True|debra_df
config|deqalloc|hm_hashtable|200000|100|192|False|debra
config|deqalloc|hm_hashtable|200000|100|192|True|debra
config|deqalloc|hm_hashtable|200000|100|192|False|debra_df
config|deqalloc|hm_hashtable|200000|100|192|True|debra_df
config|deqalloc_genericdeque|hm_hashtable|200000|100|192|False|debra
config|deqalloc_genericdeque|hm_hashtable|200000|100|192|True|debra
config|deqalloc_genericdeque|hm_hashtable|200000|100|192|False|debra_df
config|deqalloc_genericdeque|hm_hashtable|200000|100|192|True|debra_df
config|mimalloc|hm_hashtable|200000|100|192|False|debra
config|mimalloc|hm_hashtable|200000|100|192|True|debra
config|mimalloc|hm_hashtable|200000|100|192|False|debra_df
config|mimalloc|hm_hashtable|200000|100|192|True|debra_df
config|jemalloc|hm_hashtable|200000|100|192|False|debra
config|jemalloc|hm_hashtable|200000|100|192|True|debra
config|jemalloc|hm_hashtable|200000|100|192|False|debra_df
config|jemalloc|hm_hashtable|200000|100|192|True|debra_df
config|snmalloc|hm_hashtable|200000|100|192|False|debra
config|snmalloc|hm_hashtable|200000|100|192|True|debra
config|snmalloc|hm_hashtable|200000|100|192|False|debra_df
config|snmalloc|hm_hashtable|200000|100|192|True|debra_df
config|hoard|hm_hashtable|200000|100|192|False|debra
config|hoard|hm_hashtable|200000|100|192|True|debra
config|hoard|hm_hashtable|200000|100|192|False|debra_df
config|hoard|hm_hashtable|200000|100|192|True|debra_df
config|tcmalloc|hm_hashtable|200000|100|192|False|debra
config|tcmalloc|hm_hashtable|200000|100|192|True|debra
config|tcmalloc|hm_hashtable|200000|100|192|False|debra_df
config|tcmalloc|hm_hashtable|200000|100|192|True|debra_df
config|tbbmalloc|hm_hashtable|200000|100|192|False|debra
config|tbbmalloc|hm_hashtable|200000|100|192|True|debra
config|tbbmalloc|hm_hashtable|200000|100|192|False|debra_df
config|tbbmalloc|hm_hashtable|200000|100|192|True|debra_df
config|lockfree|hm_hashtable|200000|100|192|False|debra
config|lockfree|hm_hashtable|200000|100|192|True|debra
config|lockfree|hm_hashtable|200000|100|192|False|debra_df
config|lockfree|hm_hashtable|200000|100|192|True|debra_df
config|rpmalloc|hm_hashtable|200000|100|192|False|debra
config|rpmalloc|hm_hashtable|200000|100|192|True|debra
config|rpmalloc|hm_hashtable|200000|100|192|False|debra_df
config|rpmalloc|hm_hashtable|200000|100|192|True|debra_df
config|deqalloc|hmlist|2000|100|192|False|debra
config|deqalloc|hmlist|2000|100|192|True|debra
config|deqalloc|hmlist|2000|100|192|False|debra_df
config|deqalloc|hmlist|2000|100|192|True|debra_df
config|deqalloc_genericdeque|hmlist|2000|100|192|False|debra
config|deqalloc_genericdeque|hmlist|2000|100|192|True|debra
config|deqalloc_genericdeque|hmlist|2000|100|192|False|debra_df
config|deqalloc_genericdeque|hmlist|2000|100|192|True|debra_df
config|mimalloc|hmlist|2000|100|192|False|debra
config|mimalloc|hmlist|2000|100|192|True|debra
config|mimalloc|hmlist|2000|100|192|False|debra_df
config|mimalloc|hmlist|2000|100|192|True|debra_df
config|jemalloc|hmlist|2000|100|192|False|debra
config|jemalloc|hmlist|2000|100|192|True|debra
config|jemalloc|hmlist|2000|100|192|False|debra_df
config|jemalloc|hmlist|2000|100|192|True|debra_df
config|snmalloc|hmlist|2000|100|192|False|debra
config|snmalloc|hmlist|2000|100|192|True|debra
config|snmalloc|hmlist|2000|100|192|False|debra_df
config|snmalloc|hmlist|2000|100|192|True|debra_df
config|hoard|hmlist|2000|100|192|False|debra
config|hoard|hmlist|2000|100|192|True|debra
config|hoard|hmlist|2000|100|192|False|debra_df
config|hoard|hmlist|2000|100|192|True|debra_df
config|tcmalloc|hmlist|2000|100|192|False|debra
config|tcmalloc|hmlist|2000|100|192|True|debra
config|tcmalloc|hmlist|2000|100|192|False|debra_df
config|tcmalloc|hmlist|2000|100|192|True|debra_df
config|tbbmalloc|hmlist|2000|100|192|False|debra
config|tbbmalloc|hmlist|2000|100|192|True|debra
config|tbbmalloc|hmlist|2000|100|192|False|debra_df
config|tbbmalloc|hmlist|2000|100|192|True|debra_df
config|lockfree|hmlist|2000|100|192|False|debra
config|lockfree|hmlist|2000|100|192|True|debra
config|lockfree|hmlist|2000|100|192|False|debra_df
config|lockfree|hmlist|2000|100|192|True|debra_df
config|rpmalloc|hmlist|2000|100|192|False|debra
config|rpmalloc|hmlist|2000|100|192|True|debra
config|rpmalloc|hmlist|2000|100|192|False|debra_df
config|rpmalloc|hmlist|2000|100|192|True|debra_df
